Display statement at line 503
Streams_Cost_t[LuaJamMTP_DefaultImpact,LuaJamMTP_cip_CipUnit_Impact,LuaJamMTP_cip_CipUnit,1].val = 0
Streams_Cost_t[LuaJamMTP_DefaultImpact,LuaJamMTP_cip_CipUnit_Impact,LuaJamMTP_cip_CipUnit,2].val = 0
Streams_Cost_t[LuaJamMTP_DefaultImpact,LuaJamMTP_cip_CipUnit_Impact,LuaJamMTP_cip_CipUnit,3].val = 0
Streams_Cost_t[LuaJamMTP_DefaultImpact,LuaJamMTP_cm1_CookingMixingUnit_Impact,LuaJamMTP_cm1_CookingMixingUnit,1].val = 0
Streams_Cost_t[LuaJamMTP_DefaultImpact,LuaJamMTP_cm1_CookingMixingUnit_Impact,LuaJamMTP_cm1_CookingMixingUnit,2].val = 0
Streams_Cost_t[LuaJamMTP_DefaultImpact,LuaJamMTP_cm1_CookingMixingUnit_Impact,LuaJamMTP_cm1_CookingMixingUnit,3].val = 0
Streams_Cost_t[LuaJamMTP_DefaultImpact,LuaJamMTP_cm2_CookingMixingUnit_Impact,LuaJamMTP_cm2_CookingMixingUnit,1].val = 0
Streams_Cost_t[LuaJamMTP_DefaultImpact,LuaJamMTP_cm2_CookingMixingUnit_Impact,LuaJamMTP_cm2_CookingMixingUnit,2].val = 0
Streams_Cost_t[LuaJamMTP_DefaultImpact,LuaJamMTP_cm2_CookingMixingUnit_Impact,LuaJamMTP_cm2_CookingMixingUnit,3].val = 0
Streams_Cost_t[LuaJamMTP_DefaultImpact,DHCU_h_Impact,DHCU_h,1].val = 1816.16111111111
Streams_Cost_t[LuaJamMTP_DefaultImpact,DHCU_h_Impact,DHCU_h,2].val = 1543.42651367188
Streams_Cost_t[LuaJamMTP_DefaultImpact,DHCU_h_Impact,DHCU_h,3].val = 1899.11349206349
Streams_Cost_t[LuaJamMTP_DefaultImpact,DHCU_c_Impact,DHCU_c,1].val = 1000
Streams_Cost_t[LuaJamMTP_DefaultImpact,DHCU_c_Impact,DHCU_c,2].val = 1000.00085229621
Streams_Cost_t[LuaJamMTP_DefaultImpact,DHCU_c_Impact,DHCU_c,3].val = 1000
Streams_Cost_t[LuaJamMTP_DefaultMechPower,LuaJamMTP_cip_CipUnit_Power,LuaJamMTP_cip_CipUnit,1].val = 0
Streams_Cost_t[LuaJamMTP_DefaultMechPower,LuaJamMTP_cip_CipUnit_Power,LuaJamMTP_cip_CipUnit,2].val = 0
Streams_Cost_t[LuaJamMTP_DefaultMechPower,LuaJamMTP_cip_CipUnit_Power,LuaJamMTP_cip_CipUnit,3].val = 0
Streams_Cost_t[LuaJamMTP_DefaultMechPower,LuaJamMTP_cm1_CookingMixingUnit_Power,LuaJamMTP_cm1_CookingMixingUnit,1].val = 0
Streams_Cost_t[LuaJamMTP_DefaultMechPower,LuaJamMTP_cm1_CookingMixingUnit_Power,LuaJamMTP_cm1_CookingMixingUnit,2].val = 0
Streams_Cost_t[LuaJamMTP_DefaultMechPower,LuaJamMTP_cm1_CookingMixingUnit_Power,LuaJamMTP_cm1_CookingMixingUnit,3].val = 0
Streams_Cost_t[LuaJamMTP_DefaultMechPower,LuaJamMTP_cm2_CookingMixingUnit_Power,LuaJamMTP_cm2_CookingMixingUnit,1].val = 0
Streams_Cost_t[LuaJamMTP_DefaultMechPower,LuaJamMTP_cm2_CookingMixingUnit_Power,LuaJamMTP_cm2_CookingMixingUnit,2].val = 0
Streams_Cost_t[LuaJamMTP_DefaultMechPower,LuaJamMTP_cm2_CookingMixingUnit_Power,LuaJamMTP_cm2_CookingMixingUnit,3].val = 0
Streams_Cost_t[LuaJamMTP_DefaultMechPower,DHCU_h_Power,DHCU_h,1].val = 1816.16111111111
Streams_Cost_t[LuaJamMTP_DefaultMechPower,DHCU_h_Power,DHCU_h,2].val = 1543.42651367188
Streams_Cost_t[LuaJamMTP_DefaultMechPower,DHCU_h_Power,DHCU_h,3].val = 1899.11349206349
Streams_Cost_t[LuaJamMTP_DefaultMechPower,DHCU_c_Power,DHCU_c,1].val = 1000
Streams_Cost_t[LuaJamMTP_DefaultMechPower,DHCU_c_Power,DHCU_c,2].val = 1000.00085229621
Streams_Cost_t[LuaJamMTP_DefaultMechPower,DHCU_c_Power,DHCU_c,3].val = 1000
Streams_Cost_t[LuaJamMTP_DefaultOpCost,LuaJamMTP_cip_CipUnit_Cost,LuaJamMTP_cip_CipUnit,1].val = 0
Streams_Cost_t[LuaJamMTP_DefaultOpCost,LuaJamMTP_cip_CipUnit_Cost,LuaJamMTP_cip_CipUnit,2].val = 0
Streams_Cost_t[LuaJamMTP_DefaultOpCost,LuaJamMTP_cip_CipUnit_Cost,LuaJamMTP_cip_CipUnit,3].val = 0
Streams_Cost_t[LuaJamMTP_DefaultOpCost,LuaJamMTP_cm1_CookingMixingUnit_Cost,LuaJamMTP_cm1_CookingMixingUnit,1].val = 0
Streams_Cost_t[LuaJamMTP_DefaultOpCost,LuaJamMTP_cm1_CookingMixingUnit_Cost,LuaJamMTP_cm1_CookingMixingUnit,2].val = 0
Streams_Cost_t[LuaJamMTP_DefaultOpCost,LuaJamMTP_cm1_CookingMixingUnit_Cost,LuaJamMTP_cm1_CookingMixingUnit,3].val = 0
Streams_Cost_t[LuaJamMTP_DefaultOpCost,LuaJamMTP_cm2_CookingMixingUnit_Cost,LuaJamMTP_cm2_CookingMixingUnit,1].val = 0
Streams_Cost_t[LuaJamMTP_DefaultOpCost,LuaJamMTP_cm2_CookingMixingUnit_Cost,LuaJamMTP_cm2_CookingMixingUnit,2].val = 0
Streams_Cost_t[LuaJamMTP_DefaultOpCost,LuaJamMTP_cm2_CookingMixingUnit_Cost,LuaJamMTP_cm2_CookingMixingUnit,3].val = 0
Streams_Cost_t[LuaJamMTP_DefaultOpCost,DHCU_h_Cost,DHCU_h,1].val = 1816.16111111111
Streams_Cost_t[LuaJamMTP_DefaultOpCost,DHCU_h_Cost,DHCU_h,2].val = 1543.42651367188
Streams_Cost_t[LuaJamMTP_DefaultOpCost,DHCU_h_Cost,DHCU_h,3].val = 1899.11349206349
Streams_Cost_t[LuaJamMTP_DefaultOpCost,DHCU_c_Cost,DHCU_c,1].val = 1000
Streams_Cost_t[LuaJamMTP_DefaultOpCost,DHCU_c_Cost,DHCU_c,2].val = 1000.00085229621
Streams_Cost_t[LuaJamMTP_DefaultOpCost,DHCU_c_Cost,DHCU_c,3].val = 1000
Display statement at line 504
Streams_Cost[LuaJamMTP_DefaultImpact,LuaJamMTP_cip_CipUnit_Impact,LuaJamMTP_cip_CipUnit].val = 0
Streams_Cost[LuaJamMTP_DefaultImpact,LuaJamMTP_cm1_CookingMixingUnit_Impact,LuaJamMTP_cm1_CookingMixingUnit].val = 0
Streams_Cost[LuaJamMTP_DefaultImpact,LuaJamMTP_cm2_CookingMixingUnit_Impact,LuaJamMTP_cm2_CookingMixingUnit].val = 0
Streams_Cost[LuaJamMTP_DefaultImpact,DHCU_h_Impact,DHCU_h].val = 5258.70111684648
Streams_Cost[LuaJamMTP_DefaultImpact,DHCU_c_Impact,DHCU_c].val = 3000.00085229621
Streams_Cost[LuaJamMTP_DefaultMechPower,LuaJamMTP_cip_CipUnit_Power,LuaJamMTP_cip_CipUnit].val = 0
Streams_Cost[LuaJamMTP_DefaultMechPower,LuaJamMTP_cm1_CookingMixingUnit_Power,LuaJamMTP_cm1_CookingMixingUnit].val = 0
Streams_Cost[LuaJamMTP_DefaultMechPower,LuaJamMTP_cm2_CookingMixingUnit_Power,LuaJamMTP_cm2_CookingMixingUnit].val = 0
Streams_Cost[LuaJamMTP_DefaultMechPower,DHCU_h_Power,DHCU_h].val = 5258.70111684648
Streams_Cost[LuaJamMTP_DefaultMechPower,DHCU_c_Power,DHCU_c].val = 3000.00085229621
Streams_Cost[LuaJamMTP_DefaultOpCost,LuaJamMTP_cip_CipUnit_Cost,LuaJamMTP_cip_CipUnit].val = 0
Streams_Cost[LuaJamMTP_DefaultOpCost,LuaJamMTP_cm1_CookingMixingUnit_Cost,LuaJamMTP_cm1_CookingMixingUnit].val = 0
Streams_Cost[LuaJamMTP_DefaultOpCost,LuaJamMTP_cm2_CookingMixingUnit_Cost,LuaJamMTP_cm2_CookingMixingUnit].val = 0
Streams_Cost[LuaJamMTP_DefaultOpCost,DHCU_h_Cost,DHCU_h].val = 5258.70111684648
Streams_Cost[LuaJamMTP_DefaultOpCost,DHCU_c_Cost,DHCU_c].val = 3000.00085229621
Streams_Cost[LuaJamMTP_DefaultInvCost,LuaJamMTP_cip_CipUnit_Cinv,LuaJamMTP_cip_CipUnit].val = 0
Streams_Cost[LuaJamMTP_DefaultInvCost,LuaJamMTP_cm1_CookingMixingUnit_Cinv,LuaJamMTP_cm1_CookingMixingUnit].val = 0
Streams_Cost[LuaJamMTP_DefaultInvCost,LuaJamMTP_cm2_CookingMixingUnit_Cinv,LuaJamMTP_cm2_CookingMixingUnit].val = 0
Streams_Cost[LuaJamMTP_DefaultInvCost,DHCU_h_Cinv,DHCU_h].val = 1899.11349206349
Streams_Cost[LuaJamMTP_DefaultInvCost,DHCU_c_Cinv,DHCU_c].val = 1000.00085229621
Display statement at line 505
Units_Cost_t[LuaJamMTP_DefaultImpact,LuaJamMTP_cip_CipUnit,1].val = 0
Units_Cost_t[LuaJamMTP_DefaultImpact,LuaJamMTP_cip_CipUnit,2].val = 0
Units_Cost_t[LuaJamMTP_DefaultImpact,LuaJamMTP_cip_CipUnit,3].val = 0
Units_Cost_t[LuaJamMTP_DefaultImpact,LuaJamMTP_cm1_CookingMixingUnit,1].val = 0
Units_Cost_t[LuaJamMTP_DefaultImpact,LuaJamMTP_cm1_CookingMixingUnit,2].val = 0
Units_Cost_t[LuaJamMTP_DefaultImpact,LuaJamMTP_cm1_CookingMixingUnit,3].val = 0
Units_Cost_t[LuaJamMTP_DefaultImpact,LuaJamMTP_cm2_CookingMixingUnit,1].val = 0
Units_Cost_t[LuaJamMTP_DefaultImpact,LuaJamMTP_cm2_CookingMixingUnit,2].val = 0
Units_Cost_t[LuaJamMTP_DefaultImpact,LuaJamMTP_cm2_CookingMixingUnit,3].val = 0
Units_Cost_t[LuaJamMTP_DefaultImpact,DHCU_h,1].val = 1816.16111111111
Units_Cost_t[LuaJamMTP_DefaultImpact,DHCU_h,2].val = 1543.42651367188
Units_Cost_t[LuaJamMTP_DefaultImpact,DHCU_h,3].val = 1899.11349206349
Units_Cost_t[LuaJamMTP_DefaultImpact,DHCU_c,1].val = 1000
Units_Cost_t[LuaJamMTP_DefaultImpact,DHCU_c,2].val = 1000.00085229621
Units_Cost_t[LuaJamMTP_DefaultImpact,DHCU_c,3].val = 1000
Units_Cost_t[LuaJamMTP_DefaultMechPower,LuaJamMTP_cip_CipUnit,1].val = 0
Units_Cost_t[LuaJamMTP_DefaultMechPower,LuaJamMTP_cip_CipUnit,2].val = 0
Units_Cost_t[LuaJamMTP_DefaultMechPower,LuaJamMTP_cip_CipUnit,3].val = 0
Units_Cost_t[LuaJamMTP_DefaultMechPower,LuaJamMTP_cm1_CookingMixingUnit,1].val = 0
Units_Cost_t[LuaJamMTP_DefaultMechPower,LuaJamMTP_cm1_CookingMixingUnit,2].val = 0
Units_Cost_t[LuaJamMTP_DefaultMechPower,LuaJamMTP_cm1_CookingMixingUnit,3].val = 0
Units_Cost_t[LuaJamMTP_DefaultMechPower,LuaJamMTP_cm2_CookingMixingUnit,1].val = 0
Units_Cost_t[LuaJamMTP_DefaultMechPower,LuaJamMTP_cm2_CookingMixingUnit,2].val = 0
Units_Cost_t[LuaJamMTP_DefaultMechPower,LuaJamMTP_cm2_CookingMixingUnit,3].val = 0
Units_Cost_t[LuaJamMTP_DefaultMechPower,DHCU_h,1].val = 1816.16111111111
Units_Cost_t[LuaJamMTP_DefaultMechPower,DHCU_h,2].val = 1543.42651367188
Units_Cost_t[LuaJamMTP_DefaultMechPower,DHCU_h,3].val = 1899.11349206349
Units_Cost_t[LuaJamMTP_DefaultMechPower,DHCU_c,1].val = 1000
Units_Cost_t[LuaJamMTP_DefaultMechPower,DHCU_c,2].val = 1000.00085229621
Units_Cost_t[LuaJamMTP_DefaultMechPower,DHCU_c,3].val = 1000
Units_Cost_t[LuaJamMTP_DefaultOpCost,LuaJamMTP_cip_CipUnit,1].val = 0
Units_Cost_t[LuaJamMTP_DefaultOpCost,LuaJamMTP_cip_CipUnit,2].val = 0
Units_Cost_t[LuaJamMTP_DefaultOpCost,LuaJamMTP_cip_CipUnit,3].val = 0
Units_Cost_t[LuaJamMTP_DefaultOpCost,LuaJamMTP_cm1_CookingMixingUnit,1].val = 0
Units_Cost_t[LuaJamMTP_DefaultOpCost,LuaJamMTP_cm1_CookingMixingUnit,2].val = 0
Units_Cost_t[LuaJamMTP_DefaultOpCost,LuaJamMTP_cm1_CookingMixingUnit,3].val = 0
Units_Cost_t[LuaJamMTP_DefaultOpCost,LuaJamMTP_cm2_CookingMixingUnit,1].val = 0
Units_Cost_t[LuaJamMTP_DefaultOpCost,LuaJamMTP_cm2_CookingMixingUnit,2].val = 0
Units_Cost_t[LuaJamMTP_DefaultOpCost,LuaJamMTP_cm2_CookingMixingUnit,3].val = 0
Units_Cost_t[LuaJamMTP_DefaultOpCost,DHCU_h,1].val = 1816.16111111111
Units_Cost_t[LuaJamMTP_DefaultOpCost,DHCU_h,2].val = 1543.42651367188
Units_Cost_t[LuaJamMTP_DefaultOpCost,DHCU_h,3].val = 1899.11349206349
Units_Cost_t[LuaJamMTP_DefaultOpCost,DHCU_c,1].val = 1000
Units_Cost_t[LuaJamMTP_DefaultOpCost,DHCU_c,2].val = 1000.00085229621
Units_Cost_t[LuaJamMTP_DefaultOpCost,DHCU_c,3].val = 1000
Display statement at line 506
Units_Cost[LuaJamMTP_DefaultImpact,LuaJamMTP_cip_CipUnit].val = 0
Units_Cost[LuaJamMTP_DefaultImpact,LuaJamMTP_cm1_CookingMixingUnit].val = 0
Units_Cost[LuaJamMTP_DefaultImpact,LuaJamMTP_cm2_CookingMixingUnit].val = 0
Units_Cost[LuaJamMTP_DefaultImpact,DHCU_h].val = 5258.70111684648
Units_Cost[LuaJamMTP_DefaultImpact,DHCU_c].val = 3000.00085229621
Units_Cost[LuaJamMTP_DefaultMechPower,LuaJamMTP_cip_CipUnit].val = 0
Units_Cost[LuaJamMTP_DefaultMechPower,LuaJamMTP_cm1_CookingMixingUnit].val = 0
Units_Cost[LuaJamMTP_DefaultMechPower,LuaJamMTP_cm2_CookingMixingUnit].val = 0
Units_Cost[LuaJamMTP_DefaultMechPower,DHCU_h].val = 5258.70111684648
Units_Cost[LuaJamMTP_DefaultMechPower,DHCU_c].val = 3000.00085229621
Units_Cost[LuaJamMTP_DefaultOpCost,LuaJamMTP_cip_CipUnit].val = 0
Units_Cost[LuaJamMTP_DefaultOpCost,LuaJamMTP_cm1_CookingMixingUnit].val = 0
Units_Cost[LuaJamMTP_DefaultOpCost,LuaJamMTP_cm2_CookingMixingUnit].val = 0
Units_Cost[LuaJamMTP_DefaultOpCost,DHCU_h].val = 5258.70111684648
Units_Cost[LuaJamMTP_DefaultOpCost,DHCU_c].val = 3000.00085229621
Units_Cost[LuaJamMTP_DefaultInvCost,LuaJamMTP_cip_CipUnit].val = 0
Units_Cost[LuaJamMTP_DefaultInvCost,LuaJamMTP_cm1_CookingMixingUnit].val = 0
Units_Cost[LuaJamMTP_DefaultInvCost,LuaJamMTP_cm2_CookingMixingUnit].val = 0
Units_Cost[LuaJamMTP_DefaultInvCost,DHCU_h].val = 1899.11349206349
Units_Cost[LuaJamMTP_DefaultInvCost,DHCU_c].val = 1000.00085229621
Display statement at line 507
Locations_Cost_t[LuaJamMTP_DefaultImpact,LuaJamMTP_def_location,1].val = 2816.16111111111
Locations_Cost_t[LuaJamMTP_DefaultImpact,LuaJamMTP_def_location,2].val = 2543.42736596809
Locations_Cost_t[LuaJamMTP_DefaultImpact,LuaJamMTP_def_location,3].val = 2899.11349206349
Locations_Cost_t[LuaJamMTP_DefaultMechPower,LuaJamMTP_def_location,1].val = 2816.16111111111
Locations_Cost_t[LuaJamMTP_DefaultMechPower,LuaJamMTP_def_location,2].val = 2543.42736596809
Locations_Cost_t[LuaJamMTP_DefaultMechPower,LuaJamMTP_def_location,3].val = 2899.11349206349
Locations_Cost_t[LuaJamMTP_DefaultOpCost,LuaJamMTP_def_location,1].val = 2816.16111111111
Locations_Cost_t[LuaJamMTP_DefaultOpCost,LuaJamMTP_def_location,2].val = 2543.42736596809
Locations_Cost_t[LuaJamMTP_DefaultOpCost,LuaJamMTP_def_location,3].val = 2899.11349206349
Display statement at line 508
Locations_Cost[LuaJamMTP_DefaultImpact,LuaJamMTP_def_location].val = 8258.70196914269
Locations_Cost[LuaJamMTP_DefaultMechPower,LuaJamMTP_def_location].val = 8258.70196914269
Locations_Cost[LuaJamMTP_DefaultInvCost,LuaJamMTP_def_location].val = 2899.1143443597
Locations_Cost[LuaJamMTP_DefaultOpCost,LuaJamMTP_def_location].val = 8258.70196914269
Display statement at line 509
Costs_Cost_t[LuaJamMTP_DefaultImpact,1].val = 2816.16111111111
Costs_Cost_t[LuaJamMTP_DefaultImpact,2].val = 2543.42736596809
Costs_Cost_t[LuaJamMTP_DefaultImpact,3].val = 2899.11349206349
Costs_Cost_t[LuaJamMTP_DefaultMechPower,1].val = 2816.16111111111
Costs_Cost_t[LuaJamMTP_DefaultMechPower,2].val = 2543.42736596809
Costs_Cost_t[LuaJamMTP_DefaultMechPower,3].val = 2899.11349206349
Costs_Cost_t[LuaJamMTP_DefaultOpCost,1].val = 2816.16111111111
Costs_Cost_t[LuaJamMTP_DefaultOpCost,2].val = 2543.42736596809
Costs_Cost_t[LuaJamMTP_DefaultOpCost,3].val = 2899.11349206349
Display statement at line 510
Costs_Cost[LuaJamMTP_DefaultImpact].val = 8258.70196914269
Costs_Cost[LuaJamMTP_DefaultMechPower].val = 8258.70196914269
Costs_Cost[LuaJamMTP_DefaultInvCost].val = 2899.1143443597
Costs_Cost[LuaJamMTP_DefaultOpCost].val = 8258.70196914269
Display statement at line 511
Cost_generatedGroups_power has empty content
Display statement at line 512
YearlyOperatingCost_t[1].val = 81106834202.5137
YearlyOperatingCost_t[2].val = 77830215277.026
YearlyOperatingCost_t[3].val = 93932958512.7178
Display statement at line 513
YearlyOperatingCost.val = 252870007992.257
Display statement at line 520
Units_Mult[LuaJamMTP_cip_CipUnit].val = 1
Units_Mult[LuaJamMTP_cm1_CookingMixingUnit].val = 1
Units_Mult[LuaJamMTP_cm2_CookingMixingUnit].val = 1
Units_Mult[DHCU_h].val = 0.899113492063487
Units_Mult[DHCU_c].val = 8.52296212827675e-07
Display statement at line 521
Units_Mult_t[LuaJamMTP_cip_CipUnit,1].val = 1
Units_Mult_t[LuaJamMTP_cip_CipUnit,2].val = 1
Units_Mult_t[LuaJamMTP_cip_CipUnit,3].val = 1
Units_Mult_t[LuaJamMTP_cm1_CookingMixingUnit,1].val = 1
Units_Mult_t[LuaJamMTP_cm1_CookingMixingUnit,2].val = 1
Units_Mult_t[LuaJamMTP_cm1_CookingMixingUnit,3].val = 1
Units_Mult_t[LuaJamMTP_cm2_CookingMixingUnit,1].val = 1
Units_Mult_t[LuaJamMTP_cm2_CookingMixingUnit,2].val = 1
Units_Mult_t[LuaJamMTP_cm2_CookingMixingUnit,3].val = 1
Units_Mult_t[DHCU_h,1].val = 0.816161111111113
Units_Mult_t[DHCU_h,2].val = 0.543426513671875
Units_Mult_t[DHCU_h,3].val = 0.899113492063487
Units_Mult_t[DHCU_c,1].val = 0
Units_Mult_t[DHCU_c,2].val = 8.52296212827675e-07
Units_Mult_t[DHCU_c,3].val = 0
Display statement at line 522
Units_Use_t[LuaJamMTP_cip_CipUnit,1].val = 1
Units_Use_t[LuaJamMTP_cip_CipUnit,2].val = 1
Units_Use_t[LuaJamMTP_cip_CipUnit,3].val = 1
Units_Use_t[LuaJamMTP_cm1_CookingMixingUnit,1].val = 1
Units_Use_t[LuaJamMTP_cm1_CookingMixingUnit,2].val = 1
Units_Use_t[LuaJamMTP_cm1_CookingMixingUnit,3].val = 1
Units_Use_t[LuaJamMTP_cm2_CookingMixingUnit,1].val = 1
Units_Use_t[LuaJamMTP_cm2_CookingMixingUnit,2].val = 1
Units_Use_t[LuaJamMTP_cm2_CookingMixingUnit,3].val = 1
Units_Use_t[DHCU_h,1].val = 1
Units_Use_t[DHCU_h,2].val = 1
Units_Use_t[DHCU_h,3].val = 1
Units_Use_t[DHCU_c,1].val = 1
Units_Use_t[DHCU_c,2].val = 1
Units_Use_t[DHCU_c,3].val = 1
Display statement at line 523
Units_Use[LuaJamMTP_cip_CipUnit].val = 1
Units_Use[LuaJamMTP_cm1_CookingMixingUnit].val = 1
Units_Use[LuaJamMTP_cm2_CookingMixingUnit].val = 1
Units_Use[DHCU_h].val = 1
Units_Use[DHCU_c].val = 1
Display statement at line 524
Elec_buy_t[1].val = 2816.16111111111
Elec_buy_t[2].val = 2543.42736596809
Elec_buy_t[3].val = 2899.11349206349
Display statement at line 525
Elec_sell_t[1].val = 0
Elec_sell_t[2].val = 0
Elec_sell_t[3].val = 0
Display statement at line 526
Elec_buy.val = 8258.70196914269
Display statement at line 527
Elec_sell.val = 0
Display statement at line 528
HC_Streams_Mult[DefaultHeatCascade,LuaJamMTP_cip_CipUnit_fresh_water,1].val = 1
HC_Streams_Mult[DefaultHeatCascade,LuaJamMTP_cip_CipUnit_fresh_water,2].val = 1
HC_Streams_Mult[DefaultHeatCascade,LuaJamMTP_cip_CipUnit_fresh_water,3].val = 1
HC_Streams_Mult[DefaultHeatCascade,LuaJamMTP_cip_CipUnit_cleaning_agent,1].val = 1
HC_Streams_Mult[DefaultHeatCascade,LuaJamMTP_cip_CipUnit_cleaning_agent,2].val = 1
HC_Streams_Mult[DefaultHeatCascade,LuaJamMTP_cip_CipUnit_cleaning_agent,3].val = 1
HC_Streams_Mult[DefaultHeatCascade,LuaJamMTP_cip_CipUnit_discharge1,1].val = 1
HC_Streams_Mult[DefaultHeatCascade,LuaJamMTP_cip_CipUnit_discharge1,2].val = 1
HC_Streams_Mult[DefaultHeatCascade,LuaJamMTP_cip_CipUnit_discharge1,3].val = 1
HC_Streams_Mult[DefaultHeatCascade,LuaJamMTP_cm1_CookingMixingUnit_hrin_2,1].val = 1
HC_Streams_Mult[DefaultHeatCascade,LuaJamMTP_cm1_CookingMixingUnit_hrin_2,2].val = 1
HC_Streams_Mult[DefaultHeatCascade,LuaJamMTP_cm1_CookingMixingUnit_hrin_2,3].val = 1
HC_Streams_Mult[DefaultHeatCascade,LuaJamMTP_cm1_CookingMixingUnit_hrin_1,1].val = 1
HC_Streams_Mult[DefaultHeatCascade,LuaJamMTP_cm1_CookingMixingUnit_hrin_1,2].val = 1
HC_Streams_Mult[DefaultHeatCascade,LuaJamMTP_cm1_CookingMixingUnit_hrin_1,3].val = 1
HC_Streams_Mult[DefaultHeatCascade,LuaJamMTP_cm1_CookingMixingUnit_hrout,1].val = 1
HC_Streams_Mult[DefaultHeatCascade,LuaJamMTP_cm1_CookingMixingUnit_hrout,2].val = 1
HC_Streams_Mult[DefaultHeatCascade,LuaJamMTP_cm1_CookingMixingUnit_hrout,3].val = 1
HC_Streams_Mult[DefaultHeatCascade,LuaJamMTP_cm2_CookingMixingUnit_hrin_2,1].val = 1
HC_Streams_Mult[DefaultHeatCascade,LuaJamMTP_cm2_CookingMixingUnit_hrin_2,2].val = 1
HC_Streams_Mult[DefaultHeatCascade,LuaJamMTP_cm2_CookingMixingUnit_hrin_2,3].val = 1
HC_Streams_Mult[DefaultHeatCascade,LuaJamMTP_cm2_CookingMixingUnit_hrin_1,1].val = 1
HC_Streams_Mult[DefaultHeatCascade,LuaJamMTP_cm2_CookingMixingUnit_hrin_1,2].val = 1
HC_Streams_Mult[DefaultHeatCascade,LuaJamMTP_cm2_CookingMixingUnit_hrin_1,3].val = 1
HC_Streams_Mult[DefaultHeatCascade,LuaJamMTP_cm2_CookingMixingUnit_hrout,1].val = 1
HC_Streams_Mult[DefaultHeatCascade,LuaJamMTP_cm2_CookingMixingUnit_hrout,2].val = 1
HC_Streams_Mult[DefaultHeatCascade,LuaJamMTP_cm2_CookingMixingUnit_hrout,3].val = 1
HC_Streams_Mult[DefaultHeatCascade,DHCS_h,1].val = 0.816161111111113
HC_Streams_Mult[DefaultHeatCascade,DHCS_h,2].val = 0.543426513671875
HC_Streams_Mult[DefaultHeatCascade,DHCS_h,3].val = 0.899113492063487
HC_Streams_Mult[DefaultHeatCascade,DHCS_c,1].val = 0
HC_Streams_Mult[DefaultHeatCascade,DHCS_c,2].val = 8.52296212827675e-07
HC_Streams_Mult[DefaultHeatCascade,DHCS_c,3].val = 0
Display statement at line 529
Streams_Q[DefaultHeatCascade,LuaJamMTP_cip_CipUnit_fresh_water,1].val = 696.66666666667
Streams_Q[DefaultHeatCascade,LuaJamMTP_cip_CipUnit_fresh_water,2].val = 392.56613756614
Streams_Q[DefaultHeatCascade,LuaJamMTP_cip_CipUnit_fresh_water,3].val = 776.28571428571
Streams_Q[DefaultHeatCascade,LuaJamMTP_cip_CipUnit_cleaning_agent,1].val = 33.333333333333
Streams_Q[DefaultHeatCascade,LuaJamMTP_cip_CipUnit_cleaning_agent,2].val = 18.253968253968
Streams_Q[DefaultHeatCascade,LuaJamMTP_cip_CipUnit_cleaning_agent,3].val = 36.666666666667
Streams_Q[DefaultHeatCascade,LuaJamMTP_cip_CipUnit_discharge1,1].val = 104.5
Streams_Q[DefaultHeatCascade,LuaJamMTP_cip_CipUnit_discharge1,2].val = 58.055555555556
Streams_Q[DefaultHeatCascade,LuaJamMTP_cip_CipUnit_discharge1,3].val = 104.5
Streams_Q[DefaultHeatCascade,LuaJamMTP_cm1_CookingMixingUnit_hrin_2,1].val = 50.288888888889
Streams_Q[DefaultHeatCascade,LuaJamMTP_cm1_CookingMixingUnit_hrin_2,2].val = 50.288888888889
Streams_Q[DefaultHeatCascade,LuaJamMTP_cm1_CookingMixingUnit_hrin_2,3].val = 50.288888888889
Streams_Q[DefaultHeatCascade,LuaJamMTP_cm1_CookingMixingUnit_hrin_1,1].val = 80.208333333333
Streams_Q[DefaultHeatCascade,LuaJamMTP_cm1_CookingMixingUnit_hrin_1,2].val = 80.208333333333
Streams_Q[DefaultHeatCascade,LuaJamMTP_cm1_CookingMixingUnit_hrin_1,3].val = 80.208333333333
Streams_Q[DefaultHeatCascade,LuaJamMTP_cm1_CookingMixingUnit_hrout,1].val = 35.166666666667
Streams_Q[DefaultHeatCascade,LuaJamMTP_cm1_CookingMixingUnit_hrout,2].val = 35.166666666667
Streams_Q[DefaultHeatCascade,LuaJamMTP_cm1_CookingMixingUnit_hrout,3].val = 35.166666666667
Streams_Q[DefaultHeatCascade,LuaJamMTP_cm2_CookingMixingUnit_hrin_2,1].val = 50.288888888889
Streams_Q[DefaultHeatCascade,LuaJamMTP_cm2_CookingMixingUnit_hrin_2,2].val = 50.288888888889
Streams_Q[DefaultHeatCascade,LuaJamMTP_cm2_CookingMixingUnit_hrin_2,3].val = 50.288888888889
Streams_Q[DefaultHeatCascade,LuaJamMTP_cm2_CookingMixingUnit_hrin_1,1].val = 80.208333333333
Streams_Q[DefaultHeatCascade,LuaJamMTP_cm2_CookingMixingUnit_hrin_1,2].val = 80.208333333333
Streams_Q[DefaultHeatCascade,LuaJamMTP_cm2_CookingMixingUnit_hrin_1,3].val = 80.208333333333
Streams_Q[DefaultHeatCascade,LuaJamMTP_cm2_CookingMixingUnit_hrout,1].val = 35.166666666667
Streams_Q[DefaultHeatCascade,LuaJamMTP_cm2_CookingMixingUnit_hrout,2].val = 35.166666666667
Streams_Q[DefaultHeatCascade,LuaJamMTP_cm2_CookingMixingUnit_hrout,3].val = 35.166666666667
Streams_Q[DefaultHeatCascade,DHCS_h,1].val = 816.161111111113
Streams_Q[DefaultHeatCascade,DHCS_h,2].val = 543.426513671875
Streams_Q[DefaultHeatCascade,DHCS_h,3].val = 899.113492063487
Streams_Q[DefaultHeatCascade,DHCS_c,1].val = 0
Streams_Q[DefaultHeatCascade,DHCS_c,2].val = 0.000852296212827675
Streams_Q[DefaultHeatCascade,DHCS_c,3].val = 0
Display statement at line 530
HC_generatedGroups_load has empty content
Display statement at line 531
HC_Rk[DefaultHeatCascade,LuaJamMTP_def_location,1,1].val = 0
HC_Rk[DefaultHeatCascade,LuaJamMTP_def_location,1,2].val = 0
HC_Rk[DefaultHeatCascade,LuaJamMTP_def_location,1,3].val = 0
HC_Rk[DefaultHeatCascade,LuaJamMTP_def_location,1,4].val = 4.27777777777783
HC_Rk[DefaultHeatCascade,LuaJamMTP_def_location,1,5].val = 14.8277777777779
HC_Rk[DefaultHeatCascade,LuaJamMTP_def_location,1,6].val = 70.6087301587303
HC_Rk[DefaultHeatCascade,LuaJamMTP_def_location,1,7].val = 245.013492063493
HC_Rk[DefaultHeatCascade,LuaJamMTP_def_location,1,8].val = 523.918253968256
HC_Rk[DefaultHeatCascade,LuaJamMTP_def_location,1,9].val = 732.489682539684
HC_Rk[DefaultHeatCascade,LuaJamMTP_def_location,1,10].val = 816.161111111113
HC_Rk[DefaultHeatCascade,LuaJamMTP_def_location,1,11].val = 816.161111111113
HC_Rk[DefaultHeatCascade,LuaJamMTP_def_location,1,12].val = 0
HC_Rk[DefaultHeatCascade,LuaJamMTP_def_location,2,1].val = 0
HC_Rk[DefaultHeatCascade,LuaJamMTP_def_location,2,2].val = 0.00085229621288363
HC_Rk[DefaultHeatCascade,LuaJamMTP_def_location,2,3].val = 0.00085229621288363
HC_Rk[DefaultHeatCascade,LuaJamMTP_def_location,2,4].val = 4.27863007399071
HC_Rk[DefaultHeatCascade,LuaJamMTP_def_location,2,5].val = 14.8286300739907
HC_Rk[DefaultHeatCascade,LuaJamMTP_def_location,2,6].val = 32.9201644655251
HC_Rk[DefaultHeatCascade,LuaJamMTP_def_location,2,7].val = 51.5407993861601
HC_Rk[DefaultHeatCascade,LuaJamMTP_def_location,2,8].val = 179.691593036954
HC_Rk[DefaultHeatCascade,LuaJamMTP_def_location,2,9].val = 365.897942243304
HC_Rk[DefaultHeatCascade,LuaJamMTP_def_location,2,10].val = 481.770958116319
HC_Rk[DefaultHeatCascade,LuaJamMTP_def_location,2,11].val = 537.632862878224
HC_Rk[DefaultHeatCascade,LuaJamMTP_def_location,2,12].val = 543.426513671875
HC_Rk[DefaultHeatCascade,LuaJamMTP_def_location,2,13].val = 543.426513671875
HC_Rk[DefaultHeatCascade,LuaJamMTP_def_location,2,14].val = 0
HC_Rk[DefaultHeatCascade,LuaJamMTP_def_location,3,1].val = 0
HC_Rk[DefaultHeatCascade,LuaJamMTP_def_location,3,2].val = 0
HC_Rk[DefaultHeatCascade,LuaJamMTP_def_location,3,3].val = 0
HC_Rk[DefaultHeatCascade,LuaJamMTP_def_location,3,4].val = 4.27777777777783
HC_Rk[DefaultHeatCascade,LuaJamMTP_def_location,3,5].val = 14.8277777777779
HC_Rk[DefaultHeatCascade,LuaJamMTP_def_location,3,6].val = 28.2968253968254
HC_Rk[DefaultHeatCascade,LuaJamMTP_def_location,3,7].val = 70.1325396825395
HC_Rk[DefaultHeatCascade,LuaJamMTP_def_location,3,8].val = 244.5373015873
HC_Rk[DefaultHeatCascade,LuaJamMTP_def_location,3,9].val = 523.442063492061
HC_Rk[DefaultHeatCascade,LuaJamMTP_def_location,3,10].val = 732.013492063488
HC_Rk[DefaultHeatCascade,LuaJamMTP_def_location,3,11].val = 815.684920634916
HC_Rk[DefaultHeatCascade,LuaJamMTP_def_location,3,12].val = 899.113492063487
HC_Rk[DefaultHeatCascade,LuaJamMTP_def_location,3,13].val = 899.113492063487
HC_Rk[DefaultHeatCascade,LuaJamMTP_def_location,3,14].val = 0
Display statement at line 538
Units_supply has empty content
Display statement at line 539
Units_demand has empty content
Display statement at line 540
MB_ship has empty content
